[    0.000000] Initializing cgroup subsys cpuset
[    0.000000] Initializing cgroup subsys cpu
[    0.000000] Initializing cgroup subsys cpuacct
[    0.000000] Linux version 4.4.0-79-generic (buildd@lcy01-30) (gcc version 5.4.0 20160609 (Ubuntu 5.4.0-6ubuntu1~16.04.4) ) #100-Ubuntu SMP Wed May 17 19:58:14 UTC 2017 (Ubuntu 4.4.0-79.100-generic 4.4.67)
[    0.000000] Command line: BOOT_IMAGE=/boot/vmlinuz-4.4.0-79-generic root=LABEL=cloudimg-rootfs ro console=tty1 console=ttyS0
[    0.000000] KERNEL supported cpus:
[    0.000000]   Intel GenuineIntel
[    0.000000]   AMD AuthenticAMD
[    0.000000]   Centaur CentaurHauls
[    0.000000] x86/fpu: xstate_offset[2]:  576, xstate_sizes[2]:  256
[    0.000000] x86/fpu: Supporting XSAVE feature 0x01: 'x87 floating point registers'
[    0.000000] x86/fpu: Supporting XSAVE feature 0x02: 'SSE registers'
[    0.000000] x86/fpu: Supporting XSAVE feature 0x04: 'AVX registers'
[    0.000000] x86/fpu: Enabled xstate features 0x7, context size is 832 bytes, using 'standard' format.
[    0.000000] x86/fpu: Using 'lazy' FPU context switches.
[    0.000000] e820: BIOS-provided physical RAM map:
[    0.000000] BIOS-e820: [mem 0x0000000000000000-0x000000000009fbff] usable
[    0.000000] BIOS-e820: [mem 0x000000000009fc00-0x000000000009ffff] reserved
[    0.000000] BIOS-e820: [mem 0x00000000000f0000-0x00000000000fffff] reserved
[    0.000000] BIOS-e820: [mem 0x0000000000100000-0x000000007ffeffff] usable
[    0.000000] BIOS-e820: [mem 0x000000007fff0000-0x000000007fffffff] ACPI data
[    0.000000] BIOS-e820: [mem 0x00000000fec00000-0x00000000fec00fff] reserved
[    0.000000] BIOS-e820: [mem 0x00000000fee00000-0x00000000fee00fff] reserved
[    0.000000] BIOS-e820: [mem 0x00000000fffc0000-0x00000000ffffffff] reserved
[    0.000000] NX (Execute Disable) protection: active
[    0.000000] SMBIOS 2.5 present.
[    0.000000] Hypervisor detected: KVM
[    0.000000] e820: last_pfn = 0x7fff0 max_arch_pfn = 0x400000000
[    0.000000] MTRR: Disabled
[    0.000000] x86/PAT: MTRRs disabled, skipping PAT initialization too.
[    0.000000] x86/PAT: Configuration [0-7]: WB  WT  UC- UC  WB  WT  UC- UC  
[    0.000000] CPU MTRRs all blank - virtualized system.
[    0.000000] found SMP MP-table at [mem 0x0009fff0-0x0009ffff] mapped at [ffff88000009fff0]
[    0.000000] Scanning 1 areas for low memory corruption
[    0.000000] RAMDISK: [mem 0x36af6000-0x37572fff]
[    0.000000] ACPI: Early table checksum verification disabled
[    0.000000] ACPI: RSDP 0x00000000000E0000 000024 (v02 VBOX  )
[    0.000000] ACPI: XSDT 0x000000007FFF0030 00003C (v01 VBOX   VBOXXSDT 00000001 ASL  00000061)
[    0.000000] ACPI: FACP 0x000000007FFF00F0 0000F4 (v04 VBOX   VBOXFACP 00000001 ASL  00000061)
[    0.000000] ACPI: DSDT 0x000000007FFF0470 0021C8 (v02 VBOX   VBOXBIOS 00000002 INTL 20100528)
[    0.000000] ACPI: FACS 0x000000007FFF0200 000040
[    0.000000] ACPI: FACS 0x000000007FFF0200 000040
[    0.000000] ACPI: APIC 0x000000007FFF0240 00005C (v02 VBOX   VBOXAPIC 00000001 ASL  00000061)
[    0.000000] ACPI: SSDT 0x000000007FFF02A0 0001CC (v01 VBOX   VBOXCPUT 00000002 INTL 20100528)
[    0.000000] No NUMA configuration found
[    0.000000] Faking a node at [mem 0x0000000000000000-0x000000007ffeffff]
[    0.000000] NODE_DATA(0) allocated [mem 0x7ffeb000-0x7ffeffff]
[    0.000000] kvm-clock: Using msrs 4b564d01 and 4b564d00
[    0.000000] kvm-clock: cpu 0, msr 0:7ffe3001, primary cpu clock
[    0.000000] kvm-clock: using sched offset of 3669623129 cycles
[    0.000000] clocksource: kvm-clock: mask: 0xffffffffffffffff max_cycles: 0x1cd42e4dffb, max_idle_ns: 881590591483 ns
[    0.000000] Zone ranges:
[    0.000000]   DMA      [mem 0x0000000000001000-0x0000000000ffffff]
[    0.000000]   DMA32    [mem 0x0000000001000000-0x000000007ffeffff]
[    0.000000]   Normal   empty
[    0.000000]   Device   empty
[    0.000000] Movable zone start for each node
[    0.000000] Early memory node ranges
[    0.000000]   node   0: [mem 0x0000000000001000-0x000000000009efff]
[    0.000000]   node   0: [mem 0x0000000000100000-0x000000007ffeffff]
[    0.000000] Initmem setup node 0 [mem 0x0000000000001000-0x000000007ffeffff]
[    0.000000] ACPI: PM-Timer IO Port: 0x4008
[    0.000000] IOAPIC[0]: apic_id 2, version 32, address 0xfec00000, GSI 0-23
[    0.000000] ACPI: INT_SRC_OVR (bus 0 bus_irq 0 global_irq 2 dfl dfl)
[    0.000000] ACPI: INT_SRC_OVR (bus 0 bus_irq 9 global_irq 9 high level)
[    0.000000] Using ACPI (MADT) for SMP configuration information
[    0.000000] smpboot: Allowing 2 CPUs, 0 hotplug CPUs
[    0.000000] PM: Registered nosave memory: [mem 0x00000000-0x00000fff]
[    0.000000] PM: Registered nosave memory: [mem 0x0009f000-0x0009ffff]
[    0.000000] PM: Registered nosave memory: [mem 0x000a0000-0x000effff]
[    0.000000] PM: Registered nosave memory: [mem 0x000f0000-0x000fffff]
[    0.000000] e820: [mem 0x80000000-0xfebfffff] available for PCI devices
[    0.000000] Booting paravirtualized kernel on KVM
[    0.000000] clocksource: refined-jiffies: mask: 0xffffffff max_cycles: 0xffffffff, max_idle_ns: 7645519600211568 ns
[    0.000000] setup_percpu: NR_CPUS:512 nr_cpumask_bits:512 nr_cpu_ids:2 nr_node_ids:1
[    0.000000] PERCPU: Embedded 33 pages/cpu @ffff88007fc00000 s98264 r8192 d28712 u1048576
[    0.000000] PV qspinlock hash table entries: 256 (order: 0, 4096 bytes)
[    0.000000] Built 1 zonelists in Node order, mobility grouping on.  Total pages: 515961
[    0.000000] Policy zone: DMA32
[    0.000000] Kernel command line: BOOT_IMAGE=/boot/vmlinuz-4.4.0-79-generic root=LABEL=cloudimg-rootfs ro console=tty1 console=ttyS0
[    0.000000] PID hash table entries: 4096 (order: 3, 32768 bytes)
[    0.000000] Memory: 2034032K/2096696K available (8469K kernel code, 1294K rwdata, 3984K rodata, 1484K init, 1316K bss, 62664K reserved, 0K cma-reserved)
[    0.000000] SLUB: HWalign=64, Order=0-3, MinObjects=0, CPUs=2, Nodes=1
[    0.000000] Hierarchical RCU implementation.
[    0.000000] 	Build-time adjustment of leaf fanout to 64.
[    0.000000] 	RCU restricting CPUs from NR_CPUS=512 to nr_cpu_ids=2.
[    0.000000] RCU: Adjusting geometry for rcu_fanout_leaf=64, nr_cpu_ids=2
[    0.000000] NR_IRQS:33024 nr_irqs:440 16
[    0.000000] Console: colour VGA+ 80x25
[    0.000000] console [tty1] enabled
[    0.000000] console [ttyS0] enabled
[    0.000000] tsc: Detected 2699.998 MHz processor
[    1.048873] Calibrating delay loop (skipped) preset value.. 5399.99 BogoMIPS (lpj=10799992)
[    1.064588] pid_max: default: 32768 minimum: 301
[    1.072378] ACPI: Core revision 20150930
[    1.074862] ACPI: 2 ACPI AML tables successfully acquired and loaded
[    1.083368] Security Framework initialized
[    1.085388] Yama: becoming mindful.
[    1.086519] AppArmor: AppArmor initialized
[    1.090732] Dentry cache hash table entries: 262144 (order: 9, 2097152 bytes)
[    1.108248] Inode-cache hash table entries: 131072 (order: 8, 1048576 bytes)
[    1.124816] Mount-cache hash table entries: 4096 (order: 3, 32768 bytes)
[    1.142014] Mountpoint-cache hash table entries: 4096 (order: 3, 32768 bytes)
[    1.165040] Initializing cgroup subsys io
[    1.193599] Initializing cgroup subsys memory
[    1.258519] Initializing cgroup subsys devices
[    1.320230] Initializing cgroup subsys freezer
[    1.379655] Initializing cgroup subsys net_cls
[    1.389320] Initializing cgroup subsys perf_event
[    1.404155] Initializing cgroup subsys net_prio
[    1.420497] Initializing cgroup subsys hugetlb
[    1.433470] Initializing cgroup subsys pids
[    1.442806] CPU: Physical Processor ID: 0
[    1.444069] CPU: Processor Core ID: 0
[    1.460865] mce: CPU supports 0 MCE banks
[    1.462950] Last level iTLB entries: 4KB 64, 2MB 8, 4MB 8
[    1.465664] Last level dTLB entries: 4KB 64, 2MB 0, 4MB 0, 1GB 4
[    1.470955] Freeing SMP alternatives memory: 32K (ffffffff820b8000 - ffffffff820c0000)
[    1.488392] ftrace: allocating 32127 entries in 126 pages
[    1.536270] smpboot: APIC(0) Converting physical 0 to logical package 0
[    1.538141] smpboot: Max logical packages: 1
[    1.544954] x2apic enabled
[    1.554567] Switched APIC routing to physical x2apic.
[    1.567195] ..TIMER: vector=0x30 apic1=0 pin1=2 apic2=-1 pin2=-1
[    1.704184] smpboot: CPU0: Intel(R) Core(TM) i5-5257U CPU @ 2.70GHz (family: 0x6, model: 0x3d, stepping: 0x4)
[    1.733492] Performance Events: unsupported p6 CPU model 61 no PMU driver, software events only.
[    1.796358] KVM setup paravirtual spinlock
[    1.805979] x86: Booting SMP configuration:
[    1.860967] .... node  #0, CPUs:      #1
[    1.876022] kvm-clock: cpu 1, msr 0:7ffe3041, secondary cpu clock
[    1.903949] mce: CPU supports 0 MCE banks
[    1.918546] x86: Booted up 1 node, 2 CPUs
[    1.972834] smpboot: Total of 2 processors activated (10799.99 BogoMIPS)
[    1.997342] devtmpfs: initialized
[    2.050223] evm: security.selinux
[    2.138375] evm: security.SMACK64
[    2.140925] evm: security.SMACK64EXEC
[    2.143264] evm: security.SMACK64TRANSMUTE
[    2.150346] evm: security.SMACK64MMAP
[    2.153814] evm: security.ima
[    2.154724] evm: security.capability
[    2.157989] clocksource: jiffies: mask: 0xffffffff max_cycles: 0xffffffff, max_idle_ns: 7645041785100000 ns
[    2.160596] futex hash table entries: 512 (order: 3, 32768 bytes)
[    2.163439] pinctrl core: initialized pinctrl subsystem
[    2.168663] RTC time: 13:16:53, date: 11/28/17
[    2.170232] NET: Registered protocol family 16
[    2.180719] cpuidle: using governor ladder
[    2.204527] cpuidle: using governor menu
[    2.206790] PCCT header not found.
[    2.211027] ACPI: bus type PCI registered
[    2.214233] acpiphp: ACPI Hot Plug PCI Controller Driver version: 0.5
[    2.217925] PCI: Using configuration type 1 for base access
[    2.272157] ACPI: Added _OSI(Module Device)
[    2.276883] ACPI: Added _OSI(Processor Device)
[    2.299676] ACPI: Added _OSI(3.0 _SCP Extensions)
[    2.305949] ACPI: Added _OSI(Processor Aggregator Device)
[    2.315360] ACPI: Executed 1 blocks of module-level executable AML code
[    2.336447] ACPI: Interpreter enabled
[    2.340064] ACPI: (supports S0 S5)
[    2.355510] ACPI: Using IOAPIC for interrupt routing
[    2.364385] PCI: Using host bridge windows from ACPI; if necessary, use "pci=nocrs" and report a bug
[    2.441352] ACPI: PCI Root Bridge [PCI0] (domain 0000 [bus 00-ff])
[    2.474598] acpi PNP0A03:00: _OSC: OS supports [ASPM ClockPM Segments MSI]
[    2.492451] acpi PNP0A03:00: _OSC failed (AE_NOT_FOUND); disabling ASPM
[    2.511560] acpi PNP0A03:00: fail to add MMCONFIG information, can't access extended PCI configuration space under this bridge.
[    2.556600] PCI host bridge to bus 0000:00
[    2.571938] pci_bus 0000:00: root bus resource [io  0x0000-0x0cf7 window]
[    2.597876] pci_bus 0000:00: root bus resource [io  0x0d00-0xffff window]
[    2.622332] pci_bus 0000:00: root bus resource [mem 0x000a0000-0x000bffff window]
[    2.643324] pci_bus 0000:00: root bus resource [mem 0x80000000-0xffdfffff window]
[    2.663250] pci_bus 0000:00: root bus resource [bus 00-ff]
[    2.684883] pci 0000:00:01.1: legacy IDE quirk: reg 0x10: [io  0x01f0-0x01f7]
[    2.692329] pci 0000:00:01.1: legacy IDE quirk: reg 0x14: [io  0x03f6]
[    2.705521] pci 0000:00:01.1: legacy IDE quirk: reg 0x18: [io  0x0170-0x0177]
[    2.723519] pci 0000:00:01.1: legacy IDE quirk: reg 0x1c: [io  0x0376]
[    2.868321] pci 0000:00:07.0: quirk: [io  0x4000-0x403f] claimed by PIIX4 ACPI
[    2.880351] pci 0000:00:07.0: quirk: [io  0x4100-0x410f] claimed by PIIX4 SMB
[    2.929369] ACPI: PCI Interrupt Link [LNKA] (IRQs 5 9 10 *11)
[    2.974701] ACPI: PCI Interrupt Link [LNKB] (IRQs 5 9 10 *11)
[    2.992018] ACPI: PCI Interrupt Link [LNKC] (IRQs 5 9 *10 11)
[    3.017651] ACPI: PCI Interrupt Link [LNKD] (IRQs 5 *9 10 11)
[    3.050735] ACPI: Enabled 2 GPEs in block 00 to 07
[    3.067547] vgaarb: setting as boot device: PCI:0000:00:02.0
[    3.100077] vgaarb: device added: PCI:0000:00:02.0,decodes=io+mem,owns=io+mem,locks=none
[    3.245103] vgaarb: loaded
[    3.253240] vgaarb: bridge control possible 0000:00:02.0
[    3.268495] SCSI subsystem initialized
[    3.273608] ACPI: bus type USB registered
[    3.279206] usbcore: registered new interface driver usbfs
[    3.286073] usbcore: registered new interface driver hub
[    3.295485] usbcore: registered new device driver usb
[    3.303363] PCI: Using ACPI for IRQ routing
[    3.333315] NetLabel: Initializing
[    3.344822] NetLabel:  domain hash size = 128
[    3.356097] NetLabel:  protocols = UNLABELED CIPSOv4
[    3.368822] NetLabel:  unlabeled traffic allowed by default
[    3.384003] amd_nb: Cannot enumerate AMD northbridges
[    3.397800] clocksource: Switched to clocksource kvm-clock
[    3.441057] AppArmor: AppArmor Filesystem Enabled
[    3.467029] pnp: PnP ACPI init
[    3.476051] pnp: PnP ACPI: found 3 devices
[    3.520066] clocksource: acpi_pm: mask: 0xffffff max_cycles: 0xffffff, max_idle_ns: 2085701024 ns
[    3.532207] NET: Registered protocol family 2
[    3.552355] TCP established hash table entries: 16384 (order: 5, 131072 bytes)
[    3.572830] TCP bind hash table entries: 16384 (order: 6, 262144 bytes)
[    3.580165] TCP: Hash tables configured (established 16384 bind 16384)
[    3.671920] UDP hash table entries: 1024 (order: 3, 32768 bytes)
[    3.741772] UDP-Lite hash table entries: 1024 (order: 3, 32768 bytes)
[    3.764869] NET: Registered protocol family 1
[    3.769775] pci 0000:00:00.0: Limiting direct PCI/PCI transfers
[    3.776835] pci 0000:00:01.0: Activating ISA DMA hang workarounds
[    3.783955] Unpacking initramfs...
[    8.530137] Freeing initrd memory: 10740K (ffff880036af6000 - ffff880037573000)
[    8.547592] RAPL PMU detected, API unit is 2^-32 Joules, 4 fixed counters 10737418240 ms ovfl timer
[    8.550036] hw unit of domain pp0-core 2^-0 Joules
[    8.565870] hw unit of domain package 2^-0 Joules
[    8.601246] hw unit of domain dram 2^-0 Joules
[    8.728218] hw unit of domain pp1-gpu 2^-0 Joules
[    8.837610] platform rtc_cmos: registered platform RTC device (no PNP device found)
[    8.892406] Scanning for low memory corruption every 60 seconds
[    8.955625] audit: initializing netlink subsys (disabled)
[    8.969117] audit: type=2000 audit(1511875023.434:1): initialized
[    8.985038] Initialise system trusted keyring
[    8.996336] HugeTLB registered 2 MB page size, pre-allocated 0 pages
[    9.007983] zbud: loaded
[    9.013375] VFS: Disk quotas dquot_6.6.0
[    9.022446] VFS: Dquot-cache hash table entries: 512 (order 0, 4096 bytes)
[    9.029455] squashfs: version 4.0 (2009/01/31) Phillip Lougher
[    9.037512] fuse init (API version 7.23)
[    9.040283] Key type big_key registered
[    9.050230] Allocating IMA MOK and blacklist keyrings.
[    9.083648] Key type asymmetric registered
[    9.088648] Asymmetric key parser 'x509' registered
[    9.120046] Block layer SCSI generic (bsg) driver version 0.4 loaded (major 249)
[    9.266628] io scheduler noop registered
[    9.365974] io scheduler deadline registered (default)
[    9.376608] io scheduler cfq registered
[    9.391817] pci_hotplug: PCI Hot Plug PCI Core version: 0.5
[    9.412034] pciehp: PCI Express Hot Plug Controller Driver version: 0.4
[    9.431036] ACPI: AC Adapter [AC] (off-line)
[    9.466606] input: Power Button as /devices/LNXSYSTM:00/LNXPWRBN:00/input/input0
[    9.474929] ACPI: Power Button [PWRF]
[    9.482608] input: Sleep Button as /devices/LNXSYSTM:00/LNXSLPBN:00/input/input1
[    9.674010] ACPI: Sleep Button [SLPF]
[    9.747144] GHES: HEST is not enabled!
[    9.748512] ACPI: Battery Slot [BAT0] (battery present)
[    9.766718] Serial: 8250/16550 driver, 32 ports, IRQ sharing enabled
[    9.828436] 00:02: ttyS0 at I/O 0x3f8 (irq = 4, base_baud = 115200) is a 16550A
[    9.833911] tsc: Refined TSC clocksource calibration: 2700.231 MHz
[    9.833913] clocksource: tsc: mask: 0xffffffffffffffff max_cycles: 0x26ec18ce249, max_idle_ns: 440795305537 ns
[    9.874944] Linux agpgart interface v0.103
[    9.892879] loop: module loaded
[    9.896495] scsi host0: ata_piix
[    9.906136] scsi host1: ata_piix
[    9.915530] ata1: PATA max UDMA/33 cmd 0x1f0 ctl 0x3f6 bmdma 0xd000 irq 14
[    9.931012] ata2: PATA max UDMA/33 cmd 0x170 ctl 0x376 bmdma 0xd008 irq 15
[    9.942353] libphy: Fixed MDIO Bus: probed
[    9.946649] tun: Universal TUN/TAP device driver, 1.6
[    9.948080] tun: (C) 1999-2004 Max Krasnyansky <maxk@qualcomm.com>
[    9.968780] PPP generic driver version 2.4.2
[    9.993657] ehci_hcd: USB 2.0 'Enhanced' Host Controller (EHCI) Driver
[   10.004908] ehci-pci: EHCI PCI platform driver
[   10.013277] ehci-platform: EHCI generic platform driver
[   10.030738] ohci_hcd: USB 1.1 'Open' Host Controller (OHCI) Driver
[   10.037742] ohci-pci: OHCI PCI platform driver
[   10.053024] ohci-platform: OHCI generic platform driver
[   10.062467] uhci_hcd: USB Universal Host Controller Interface driver
[   10.068206] i8042: PNP: PS/2 Controller [PNP0303:PS2K,PNP0f03:PS2M] at 0x60,0x64 irq 1,12
[   10.086588] serio: i8042 KBD port at 0x60,0x64 irq 1
[   10.090229] serio: i8042 AUX port at 0x60,0x64 irq 12
[   10.091790] mousedev: PS/2 mouse device common for all mice
[   10.096172] input: AT Translated Set 2 keyboard as /devices/platform/i8042/serio0/input/input2
[   10.108700] rtc_cmos rtc_cmos: rtc core: registered rtc_cmos as rtc0
[   10.226995] rtc_cmos rtc_cmos: alarms up to one day, 114 bytes nvram
[   10.248658] i2c /dev entries driver
[   10.251042] device-mapper: uevent: version 1.0.3
[   10.257947] device-mapper: ioctl: 4.34.0-ioctl (2015-10-28) initialised: dm-devel@redhat.com
[   10.273006] ledtrig-cpu: registered to indicate activity on CPUs
[   10.289458] NET: Registered protocol family 10
[   10.302287] NET: Registered protocol family 17
[   10.322595] Key type dns_resolver registered
[   10.344706] microcode: CPU0 sig=0x306d4, pf=0x40, revision=0x0
[   10.354717] microcode: CPU1 sig=0x306d4, pf=0x40, revision=0x0
[   10.356205] microcode: Microcode Update Driver: v2.01 <tigran@aivazian.fsnet.co.uk>, Peter Oruba
[   10.392907] registered taskstats version 1
[   10.413215] Loading compiled-in X.509 certificates
[   10.427443] Loaded X.509 cert 'Build time autogenerated kernel key: 761c03361fb5ffec61c19dca354b3d4126495503'
[   10.476504] zswap: loaded using pool lzo/zbud
[   10.482188] Key type trusted registered
[   10.500293] Key type encrypted registered
[   10.509488] AppArmor: AppArmor sha1 policy hashing enabled
[   10.514783] ima: No TPM chip found, activating TPM-bypass!
[   10.524535] evm: HMAC attrs: 0x1
[   10.534472]   Magic number: 9:234:282
[   10.538086] tty tty19: hash matches
[   10.539103] rtc_cmos rtc_cmos: setting system clock to 2017-11-28 13:17:02 UTC (1511875022)
[   10.556298] BIOS EDD facility v0.16 2004-Jun-25, 0 devices found
[   10.563717] EDD information not available.
[   10.572555] Freeing unused kernel memory: 1484K (ffffffff81f45000 - ffffffff820b8000)
[   10.581424] Write protecting the kernel read-only data: 14336k
[   10.595156] Freeing unused kernel memory: 1760K (ffff880001848000 - ffff880001a00000)
[   10.601031] Freeing unused kernel memory: 112K (ffff880001de4000 - ffff880001e00000)
Loading, please wait...
[   10.644408] random: systemd-udevd: uninitialized urandom read (16 bytes read, 5 bits of entropy available)
starting version[   10.645292] random: udevadm: uninitialized urandom read (16 bytes read, 5 bits of entropy available)
 229
[   10.645389] random: udevadm: uninitialized urandom read (16 bytes read, 5 bits of entropy available)
[   10.645568] random: udevadm: uninitialized urandom read (16 bytes read, 5 bits of entropy available)
[   10.645757] random: udevadm: uninitialized urandom read (16 bytes read, 5 bits of entropy available)
[   10.645894] random: udevadm: uninitialized urandom read (16 bytes read, 5 bits of entropy available)
[   10.645964] random: udevadm: uninitialized urandom read (16 bytes read, 5 bits of entropy available)
[   10.646030] random: udevadm: uninitialized urandom read (16 bytes read, 5 bits of entropy available)
[   10.646089] random: udevadm: uninitialized urandom read (16 bytes read, 5 bits of entropy available)
[   10.646146] random: udevadm: uninitialized urandom read (16 bytes read, 5 bits of entropy available)
[   10.944152] e1000: Intel(R) PRO/1000 Network Driver - version 7.3.21-k8-NAPI
[   10.971665] e1000: Copyright (c) 1999-2006 Intel Corporation.
[   10.979967] Fusion MPT base driver 3.04.20
[   10.983470] Copyright (c) 1999-2008 LSI Corporation
[   11.009005] AVX version of gcm_enc/dec engaged.
[   11.042940] AES CTR mode by8 optimization enabled
[   11.097663] Fusion MPT SPI Host driver 3.04.20
[   11.182241] input: ImExPS/2 Generic Explorer Mouse as /devices/platform/i8042/serio1/input/input4
[   11.585095] e1000 0000:00:03.0 eth0: (PCI:33MHz:32-bit) 02:1f:97:0f:e2:73
[   11.644251] e1000 0000:00:03.0 eth0: Intel(R) PRO/1000 Network Connection
[   11.711099] mptbase: ioc0: Initiating bringup
[   11.790226] ioc0: LSI53C1030 A0: Capabilities={Initiator}
[   12.000234] scsi host2: ioc0: LSI53C1030 A0, FwRev=00000000h, Ports=1, MaxQ=256, IRQ=20
[   12.157011] scsi 2:0:0:0: Direct-Access     VBOX     HARDDISK         1.0  PQ: 0 ANSI: 5
[   12.244132] scsi target2:0:0: Beginning Domain Validation
[   12.268943] scsi target2:0:0: Domain Validation skipping write tests
[   12.274135] scsi target2:0:0: Ending Domain Validation
[   12.277567] scsi target2:0:0: asynchronous
[   12.289009] scsi 2:0:1:0: Direct-Access     VBOX     HARDDISK         1.0  PQ: 0 ANSI: 5
[   12.305207] scsi target2:0:1: Beginning Domain Validation
[   12.331265] scsi target2:0:1: Domain Validation skipping write tests
[   12.341832] scsi target2:0:1: Ending Domain Validation
[   12.354701] scsi target2:0:1: asynchronous
[   12.412905] sd 2:0:0:0: Attached scsi generic sg0 type 0
[   12.432910] sd 2:0:0:0: [sda] 20971520 512-byte logical blocks: (10.7 GB/10.0 GiB)
[   12.486668] sd 2:0:1:0: [sdb] 20480 512-byte logical blocks: (10.5 MB/10.0 MiB)
[   12.516000] sd 2:0:1:0: Attached scsi generic sg1 type 0
[   12.523031] sd 2:0:1:0: [sdb] Write Protect is off
[   12.528808] sd 2:0:0:0: [sda] Write Protect is off
[   12.535948] sd 2:0:1:0: [sdb] Incomplete mode parameter data
[   12.554796] sd 2:0:1:0: [sdb] Assuming drive cache: write through
[   12.582457] sd 2:0:0:0: [sda] Incomplete mode parameter data
[   12.591007] sd 2:0:0:0: [sda] Assuming drive cache: write through
[   12.624817]  sda: sda1
[   12.674225] sd 2:0:1:0: [sdb] Attached SCSI disk
[   12.730006] sd 2:0:0:0: [sda] Attached SCSI disk
[   12.782505] e1000 0000:00:08.0 eth1: (PCI:33MHz:32-bit) 08:00:27:07:af:0e
[   12.790701] e1000 0000:00:08.0 eth1: Intel(R) PRO/1000 Network Connection
[   12.815776] e1000 0000:00:03.0 enp0s3: renamed from eth0
[   12.835624] e1000 0000:00:08.0 enp0s8: renamed from eth1
[   13.978890] floppy0: no floppy controllers found
Begin: Loading e[   15.358005] md: linear personality registered for level -1
ssential drivers ... [   15.368841] md: multipath personality registered for level -4
[   15.386305] md: raid0 personality registered for level 0
[   15.408678] md: raid1 personality registered for level 1
[   15.511194] raid6: sse2x1   gen()  1108 MB/s
[   15.593206] raid6: sse2x1   xor()  3007 MB/s
[   15.662365] raid6: sse2x2   gen()   908 MB/s
[   15.746078] raid6: sse2x2   xor()  4139 MB/s
[   15.821941] raid6: sse2x4   gen()  6739 MB/s
[   15.890328] raid6: sse2x4   xor()  6797 MB/s
[   15.904527] raid6: using algorithm sse2x4 gen() 6739 MB/s
[   15.907624] raid6: .... xor() 6797 MB/s, rmw enabled
[   15.911171] raid6: using ssse3x2 recovery algorithm
[   15.937029] xor: automatically using best checksumming function:
[   16.021962]    avx       : 18587.000 MB/sec
[   16.052741] async_tx: api initialized (async)
[   16.093901] md: raid6 personality registered for level 6
[   16.110605] md: raid5 personality registered for level 5
[   16.129391] md: raid4 personality registered for level 4
[   16.150801] md: raid10 personality registered for level 10
done.
Begin: Running /scripts/init-premount ... done.
Begin: Mounting root file system ... Begin: Running /scripts/local-top ... done.
Begin: Running /scripts/local[   16.215459] Btrfs loaded
-premount ... Scanning for Btrfs filesystems
done.
Warning: fsck no[   16.276419] EXT4-fs (sda1): mounted filesystem with ordered data mode. Opts: (null)
t present, so skipping root file system
done.
Begin: Running /scripts/local-bottom ... done.
Begin: Running /scripts/init-bottom ... done.
[   16.411527] systemd[1]: systemd 229 running in system mode. (+PAM +AUDIT +SELINUX +IMA +APPARMOR +SMACK +SYSVINIT +UTMP +LIBCRYPTSETUP +GCRYPT +GNUTLS +ACL +XZ -LZ4 +SECCOMP +BLKID +ELFUTILS +KMOD -IDN)
[   16.483769] systemd[1]: Detected virtualization oracle.
[   16.495549] systemd[1]: Detected architecture x86-64.

Welcome to [1mUbuntu 16.04.2 LTS[0m!

[   16.518889] systemd[1]: Set hostname to <ubuntu>.
[   16.529948] systemd[1]: Initializing machine ID from random generator.
[   16.546773] systemd[1]: Installed transient /etc/machine-id file.
[   16.821149] systemd[1]: Listening on udev Kernel Socket.
[[0;32m  OK  [0m] Listening on udev Kernel Socket.
[   16.866441] systemd[1]: Listening on LVM2 metadata daemon socket.
[[0;32m  OK  [0m] Listening on LVM2 metadata daemon socket.
[   16.898233] systemd[1]: Listening on Journal Socket (/dev/log).
[[0;32m  OK  [0m] Listening on Journal Socket (/dev/log).
[   16.934220] systemd[1]: Listening on Syslog Socket.
[[0;32m  OK  [0m] Listening on Syslog Socket.
[   16.948812] systemd[1]: Reached target Encrypted Volumes.
[[0;32m  OK  [0m] Reached target Encrypted Volumes.
[   16.978376] systemd[1]: Listening on udev Control Socket.
[[0;32m  OK  [0m] Listening on udev Control Socket.
[   17.009355] systemd[1]: Listening on LVM2 poll daemon socket.
[[0;32m  OK  [0m] Listening on LVM2 poll daemon socket.
[   17.074197] systemd[1]: Listening on Device-mapper event daemon FIFOs.
[[0;32m  OK  [0m] Listening on Device-mapper event daemon FIFOs.
[   17.139056] systemd[1]: Started Forward Password Requests to Wall Directory Watch.
[[0;32m  OK  [0m] Started Forward Password Requests to Wall Directory Watch.
[   17.200851] systemd[1]: Listening on /dev/initctl Compatibility Named Pipe.
[[0;32m  OK  [0m] Listening on /dev/initctl Compatibility Named Pipe.
[   17.226727] systemd[1]: Created slice System Slice.
[[0;32m  OK  [0m] Created slice System Slice.
[   17.247991] systemd[1]: Created slice system-serial\x2dgetty.slice.
[[0;32m  OK  [0m] Created slice system-serial\x2dgetty.slice.
[   17.276200] systemd[1]: Listening on Journal Audit Socket.
[[0;32m  OK  [0m] Listening on Journal Audit Socket.
[   17.306400] systemd[1]: Listening on Journal Socket.
[[0;32m  OK  [0m] Listening on Journal Socket.
[   17.342346] systemd[1]: Starting Uncomplicated firewall...
[   17.342743] random: nonblocking pool is initialized
         Starting Uncomplicated firewall...
[   17.380223] systemd[1]: Starting Load Kernel Modules...
         Starting Load Kernel Modules...
[   17.391817] Loading iSCSI transport class v2.0-870.
[   17.418808] systemd[1]: Starting Create list of required static device nodes for the current kernel...
         Starting Create list of[   17.442669] iscsi: registered transport (tcp)
 required st... nodes for the current kernel...
[   17.510177] systemd[1]: Starting Monitoring of LVM2 mirrors, snapshots etc. using dmeventd or progress polling...
         Starting Monitoring of LVM2 mirrors... dmeventd or prog[   17.548138] iscsi: registered transport (iser)
ress polling...
[   17.600213] systemd[1]: Starting Journal Service...
         Starting Journal Service...
[   17.633228] systemd[1]: Mounting Debug File System...
         Mounting Debug File System...
[   17.658555] systemd[1]: Reached target User and Group Name Lookups.
[[0;32m  OK  [0m] Reached target User and Group Name Lookups.
[   17.714652] systemd[1]: Starting Set console keymap...
         Starting Set console keymap...
[   17.746438] systemd[1]: Reached target Swap.
[[0;32m  OK  [0m] Reached target Swap.
[   17.858969] systemd[1]: Started Trigger resolvconf update for networkd DNS.
[[0;32m  OK  [0m] Started Trigger resolvconf update for networkd DNS.
[   17.897143] systemd[1]: Set up automount Arbitrary Executable File Formats File System Automount Point.
[[0;32m  OK  [0m] Set up automount Arbitrary Executab...ats File System Automount Point.
[   17.935091] systemd[1]: Created slice User and Session Slice.
[[0;32m  OK  [0m] Created slice User and Session Slice.
[   17.962682] systemd[1]: Reached target Slices.
[[0;32m  OK  [0m] Reached target Slices.
[   18.022104] systemd[1]: Mounting Huge Pages File System...
         Mounting Huge Pages File System...
[   18.069990] systemd[1]: Mounting POSIX Message Queue File System...
         Mounting POSIX Message Queue File System...
[   18.090915] systemd[1]: Starting Nameserver information manager...
         Starting Nameserver information manager...
[   18.130594] systemd[1]: Starting Remount Root and Kernel File Systems...
[   18.134575] EXT4-fs (sda1): re-mounted. Opts: (null)
         Starting Remount Root and Kernel File Systems...
[   18.207739] systemd[1]: Mounted POSIX Message Queue File System.
[[0;32m  OK  [0m] Mounted POSIX Message Queue File System.
[   18.246305] systemd[1]: Mounted Huge Pages File System.
[[0;32m  OK  [0m] Mounted Huge Pages File System.
[   18.262201] systemd[1]: Mounted Debug File System.
[[0;32m  OK  [0m] Mounted Debug File System.
[   18.295692] systemd[1]: Started Journal Service.
[[0;32m  OK  [0m] Started Journal Service.
[[0;32m  OK  [0m] Started Uncomplicated firewall.
[[0;32m  OK  [0m] Started Load Kernel Modules.
[[0;32m  OK  [0m] Started Create list of required sta...ce nodes for the current kernel.
[[0;32m  OK  [0m] Started Set console keymap.
[[0;32m  OK  [0m] Started Remount Root and Kernel File Systems.
[[0;32m  OK  [0m] Started Nameserver information manager.
[[0;32m  OK  [0m] Started LVM2 metadata daemon.
         Starting Load/Save Random Seed...
         Starting udev Coldplug all Devices...
         Starting Initial cloud-init job (pre-networking)...
         Starting Create Static Device Nodes in /dev...
         Mounting FUSE Control File System...
         Starting Apply Kernel Variables...
         Starting Flush Journal to Persistent Storage...
[[0;32m  OK  [0m] Mounted FUSE Control File System.
[[0;32m  OK  [0m] Started Load/Save Random Seed.
[[0;32m  OK  [0m] Started Create Static Device Nodes in /dev.
[[0;32m  OK  [0m] Started Apply Kernel Variables.
[[0;32m  OK  [0m] Started udev Coldplug all Devices.
         Starting udev Kernel Device Manager...
[[0;32m  OK  [0m] Started Flush Journal to Persistent Storage.
[[0;32m  OK  [0m] Started udev Kernel Device Manager.
[[0;32m  OK  [0m] Started Monitoring of LVM2 mirrors,...ng dmeventd or progress polling.
[[0;32m  OK  [0m] Started Dispatch Password Requests to Console Directory Watch.
[[0;32m  OK  [0m] Reached target Local File Systems (Pre).
[[0;32m  OK  [0m] Reached target Local File Systems.
         Starting Create Volatile Files and Directories...
         Starting Tell Plymouth To Write Out Runtime Data...
         Starting Set console font and keymap...
         Starting Commit a transient machine-id on disk...
         Starting LSB: AppArmor initialization...
[[0;32m  OK  [0m] Started Create Volatile Files and Directories.
[[0;32m  OK  [0m] Started Tell Plymouth To Write Out Runtime Data.
[[0;32m  OK  [0m] Started Commit a transient machine-id on disk.
[[0;32m  OK  [0m] Found device /dev/ttyS0.
         Starting Update UTMP about System Boot/Shutdown...
[[0;32m  OK  [0m] Reached target System Time Synchronized.
[[0;32m  OK  [0m] Started Update UTMP about System Boot/Shutdown.
[[0;32m  OK  [0m] Started Set console font and keymap.
[[0;32m  OK  [0m] Created slice system-getty.slice.
[[0;32m  OK  [0m] Listening on Load/Save RF Kill Switch Status /dev/rfkill Watch.
[   19.915979] cloud-init[446]: Cloud-init v. 0.7.9 running 'init-local' at Tue, 28 Nov 2017 13:17:13 +0000. Up 18.90 seconds.
[[0;32m  OK  [0m] Started Initial cloud-init job (pre-networking).
[[0;32m  OK  [0m] Started LSB: AppArmor initialization.
[[0;32m  OK  [0m] Reached target Network (Pre).
         Starting Raise network interfaces...
[[0;32m  OK  [0m] Started Raise network interfaces.
[[0;32m  OK  [0m] Reached target Network.
         Starting Initial cloud-init job (metadata service crawler)...
[   22.167007] cloud-init[944]: Cloud-init v. 0.7.9 running 'init' at Tue, 28 Nov 2017 13:17:15 +0000. Up 21.28 seconds.
[   22.176221] cloud-init[944]: ci-info: ++++++++++++++++++++++++++++++++++++++Net device info++++++++++++++++++++++++++++++++++++++
[   22.196601] cloud-init[944]: ci-info: +--------+-------+----------------------------+---------------+-------+-------------------+
[[0;32m  OK  [0m] Started Initial cloud-init job (metadata service crawler).
[   22.252421] [[0;32m  OK  [0m] Reached target Network is Online.
cloud-init[944]: ci-info: | Device |   Up  |          Address           |      Mask     | Scope |     Hw-Address    |
[   22.273844] cloud-init[944]: ci-info: +--------+-------+----------------------------+---------------+-------+-------------------+
[   22.293218]          Starting iSCSI initiator daemon (iscsid)...
cloud-init[944]: [ci-info: |   lo   |  True |         127.0.0.1          |   255.0.0.0   |   .   |         .         |[0;32m  OK  [0m
] Reached target Cloud-config availability.
[   22.392860] [[0;32m  OK  [0m] Reached target System Initialization.
[[0;32m  OK  [0m] Started Daily Cleanup of Temporary Directories.
[[0;32m  OK  [0m] Listening on ACPID Listen Socket.
cloud-init[944]: ci-info: |   lo   |  True |          ::1/128           |       .       |  host |         .         |
[[0;32m  OK  [0m] Started ACPI Events Check.
[[0;32m  OK  [0m] Reached target Paths.
[   22.512611] cloud-init[944]: ci-info: | enp0s3 |  True |         10.0.2.15          | 255.255.255.0 |   .   | 02:1f:97:0f:e2:73 |
[   22.679389] cloud-init[944]: ci-info: | enp0s3 |  True | fe80::1f:97ff:fe0f:e273/64 |       .       |  link | 02:1f:97:0f:e2:73 |
         Starting Socket activation for snappy daemon.
[   22.680982]          Starting LXD - unix socket.
cloud-init[944]: ci-info: | enp0s8 | False |             .              |       .       |   .   | 08:00:27:07:af:0e |
[   22.745904] cloud-init[944]: ci-info: +--------+-------+----------------------------+---------------+-------+-------------------+
[   22.816643] cloud-init[944]: ci-info: +++++++++++++++++++++++++++Route IPv4 info++++++++++++++++++++++++++++
[   22.883272] cloud-init[944]: ci-info: +-------+-------------+----------+---------------+-----------+-------+
[   23.004767] cloud-init[944]: ci-info: | Route | Destination | Gateway  |    Genmask    | Interface | Flags |
[   23.113717] cloud-init[944]: ci-info: +-------+-------------+----------+---------------+-----------+-------+
[[0;32m  OK  [0m] Started Timer to automatically refresh installed snaps.
[[0;32m  OK  [0m] Started Daily apt activities.
[[0;32m  OK  [0m] Reached target Timers.
[[0;32m  OK  [0m] Listening on D-Bus System Message Bus Socket.
[[0;32m  OK  [0m] Listening on UUID daemon activation socket.
[   23.223414] cloud-init[944]: ci-info: |   0   |   0.0.0.0   | 10.0.2.2 |    0.0.0.0    |   enp0s3  |   UG  |
[[0;32m  OK  [0m] Listening on Socket activation for snappy daemon.
[[0;32m  OK  [0m] Listening on LXD - unix socket.
[   23.959453] cloud-init[944]: ci-info: |   1   |   10.0.2.0  | 0.0.0.0  | 255.255.255.0 |   enp0s3  |   U   |
[   24.198218] cloud-init[944]: ci-info: +-------+-------------+----------+---------------+-----------+-------+
[   24.357835] cloud-init[944]: Generating public/private rsa key pair.
[[0;32m  OK  [0m] Started iSCSI initiator daemon (iscsid).
[   24.439716] cloud-init[944]: Your identification has been saved in /etc/ssh/ssh_host_rsa_key.
[   24.616428]          cloud-initStarting Login to default iSCSI targets...[944]: 
Your public key has been saved in /etc/ssh/ssh_host_rsa_key.pub.
[   24.617192] [cloud-init[0;32m  OK  [0m[944]: ] The key fingerprint is:Reached target Sockets.

[   24.812481] [cloud-init[0;32m  OK  [0m[944]: ] SHA256:skZvzPoKLNyjyONvRumiDsV820RwNnbOSnmJ2pnrsqo root@ubuntu-xenialReached target Basic System.

[[0;32m  OK  [0m] Started Unattended Upgrades Shutdown.
[   24.874060] cloud-init[944]: The key's randomart image is:
[   25.032767] cloud-init[944]:          +---[RSA 2048]----+Starting LSB: Record successful boot for GRUB...

[[0;32m  OK  [0m] Started Regular background program processing daemon.
[   25.154643] cloud-init[944]: |    . = .        |
         Starting /etc/rc.local Compatibility...
[[0;32m  OK  [0m] Started FUSE filesystem for LXC.
         Starting Login Service...
[   25.208778] cloud-init[944]: |     = B .       |
[   25.357721] cloud-init[944]: |      = =        |
         Starting LSB: MD monitoring daemon...
[   25.359062] cloud-init[944]: | o   = =         |
[   25.449094] [cloud-init[0;32m  OK  [0m[944]: ] |  + + O S        |Started D-Bus System Message Bus.

[   25.497807] cloud-init[944]: | o * = B         |
[   25.513871] cloud-init[944]: |. = * = =        |
[   25.515778] cloud-init[944]: |o+ *.= o         |
         Starting LXD - container startup/shutdown...
[   25.516119] cloud-init[944]: |E=Oo.o+o.        |
[   25.550209] cloud-init[944]: +----[SHA256]-----+
[   25.564937]          cloud-initStarting System Logging Service...[944]: 
Generating public/private dsa key pair.
[   25.583645] [cloud-init[0;32m  OK  [0m[944]: ] Your identification has been saved in /etc/ssh/ssh_host_dsa_key.Started Deferred execution scheduler.

         Starting Apply the settings specified in cloud-config...
[   25.617982] cloud-init[944]: Your public key has been saved in /etc/ssh/ssh_host_dsa_key.pub.
         Starting Pollinate to seed the pseudo random number generator...
[   25.771022] cloud-init[944]: The key fingerprint is:
         Starting Accounts Service...
[   25.946556] cloud-init[944]: SHA256:ujVab7GzScMehFpaKAEAh4HoqlQBZHvjq0Mbj8y0s9g root@ubuntu-xenial
[[0;32m  OK  [0m] Started ACPI event daemon.
[   26.000312] cloud-init[944]: The key's randomart image is:
[[0;32m  OK  [0m] Started Snappy daemon.
         Starting Auto import assertions from block devices...
[[0;32m  OK  [0m] Started System Logging Service.
[[0;32m  OK  [0m] Started /etc/rc.local Compatibility.
[[0;32m  OK  [0m] Started LXD - container startup/shutdown.
[   26.069554] cloud-init[944]: +---[DSA 1024]----+
[   26.141794] cloud-init[944]: |OB+              |
[   26.153208] cloud-init[944]: |=..o             |
[   26.162245] cloud-init[944]: |.. oo            |
[   26.170092] cloud-init[944]: | .o... . .       |
[   26.175861] cloud-init[944]: |. ... . S .      |
[   26.191575] cloud-init[944]: |.=  .. * o.      |
[   26.199445] cloud-init[944]: |B *.  + + =o     |
[[0;32m  OK  [0m] Started LSB: Record successful boot for GRUB.
[[0;32m  OK  [0m] Started Auto import assertions from block devices.
[   26.223541] cloud-init[944]: |oX..   = =++     |
[   26.250553] cloud-init[944]: |.oE   o  .=o     |
[   26.262289] cloud-init[[0;32m  OK  [0m] Started Login to default iSCSI targets.
[944]: +----[SHA256]-----+
[   26.275314] cloud-init[944]: Generating public/private ecdsa key pair.
[   26.282178] cloud-init[944]: Your identification has been saved in /etc/ssh/ssh_host_ecdsa_key.
[   26.291215] cloud-init[944]: Your public key has been saved in /etc/ssh/ssh_host_ecdsa_key.pub.
[   26.296972] cloud-init[944]: The key fingerprint is:
[   26.312517] cloud-init[944]: SHA256:inUFBte706a1baqRSjQ5H4xJZJZXan387+EFXOhb++g root@ubuntu-xenial
[   26.324279] cloud-init[944]: The key's randomart image is:
[[0;32m  OK  [0m] Started LSB: MD monitoring daemon.
[   26.342266] cloud-init[944]: +---[ECDSA 256]---+
[   26.380527] cloud-init[944]: |      ..Bo ..    |
         Starting Authenticate and Authorize Users to Run Privileged Tasks...
[[0;32m  OK  [0m] Reached target Remote File Systems (Pre).
[[0;32m  OK  [0m] Reached target Remote File Systems.[   26.412852] cloud-init[944]: |       *..oo . . |
[   26.484997] cloud-init[944]: |        ..+.. + .|
[   26.487152] cloud-init[944]: |       . B.  + o |
[   26.489367] cloud-init[944]: |      . S oo  + o|
[   26.493123] cloud-init[944]: |     o + +oo+  +o|

[   26.504576] cloud-init[944]: |    . . . += o.oo|
[   26.544889] cloud-init[944]: |       . .... +o+|
[   26.555483] cloud-init[944]: |        . ...+E.o|
[   26.557486]          cloud-initStarting LSB: VirtualBox Linux Additions...[944]: 
+----[SHA256]-----+
         Starting LSB: Set the CPU Frequency Scaling governor to "ondemand"...
[   26.610024] cloud-init[944]: Generating public/private ed25519 key pair.
[   26.673221] cloud-init[944]: Your identification has been saved in /etc/ssh/ssh_host_ed25519_key.
[   26.684551] cloud-init[944]: Your public key has been saved in /etc/ssh/ssh_host_ed25519_key.pub.
[   26.684886] cloud-init[944]: The key fingerprint is:
         Starting LSB: daemon to balance interrupts for SMP systems...
[   26.685331] cloud-init[944]: SHA256:ezWIyy1g+HsHuwUvyv0Ynxlc8ke9FrJA+J0puH95xds root@ubuntu-xenial
         Starting LSB: automatic crash report generation...
[   26.736686] cloud-init[944]: The key's randomart image is:
[   26.767388] cloud-init[944]: +--[ED25519 256]--+
         Starting Permit User Sessions...
[   26.767853] cloud-init[944]: |                 |
[   26.829655] cloud-init[944]: |          .      |
[   26.844720] cloud-init[944]: |         . .     |
[[0;32m  OK  [0m] Started Permit User Sessions.
[   26.845629] cloud-init[944]: |     .   .+.. o. |
[   26.900729] cloud-init[944]: |    . o S.o++=.o.|
[[0;32m  OK  [0m] Started Login Service.
[   26.922652] cloud-init[944]: |     o o.B.=ooo =|
[   26.977785] cloud-init[944]: |      . B+B ..oo+|
[   26.978964] cloud-init[944]: |     . +oOo+ +.oE|
[   26.979373] cloud-init[944]: |      +.++=.. .  |
[   26.979538] cloud-init[944]: +----[SHA256]-----+
[[0;32m  OK  [0m] Started Authenticate and Authorize Users to Run Privileged Tasks.
[[0;32m  OK  [0m] Started Pollinate to seed the pseudo random number generator.
[[0;32m  OK  [0m] Started Accounts Service.
[[0;32m  OK  [0m] Started LSB: Set the CPU Frequency Scaling governor to "ondemand".
         Starting OpenBSD Secure Shell server...
         Starting Hold until boot process finishes up...
         Starting Terminate Plymouth Boot Screen...
[[0;32m  OK  [0m] Started OpenBSD Secure Shell server.
[[0;32m  OK  [0m] Started LSB: VirtualBox Linux Additions.
[[0;32m  OK  [0m] Started LSB: daemon to balance interrupts for SMP systems.
[   27.629934] cloud-init[1083]: Generating locales (this might take a while)...
[[0;32m  OK  [0m] Started LSB: automatic crash report generation.
[[0;32m  OK  [0m] Started Hold until boot process finishes up.
[[0;32m  OK  [0m] Started Terminate Plymouth Boot Screen.
[[0;32m  OK  [0m] Started Serial Getty on ttyS0.
[[0;32m  OK  [0m] Started Getty on tty1.
[[0;32m  OK  [0m] Reached target Login Prompts.
         Starting Set console scheme...
[[0;32m  OK  [0m] Reached target Multi-User System.
[[0;32m  OK  [0m] Reached target Graphical Interface.
         Starting Update UTMP about System Runlevel Changes...
[[0;32m  OK  [0m] Started Set console scheme.
[[0;32m  OK  [0m] Started Update UTMP about System Runlevel Changes.
[   30.484200] cloud-init[1083]:   en_US.UTF-8... done
[   30.522544] cloud-init[1083]: Generation complete.
         Stopping OpenBSD Secure Shell server...
[[0;32m  OK  [0m] Stopped OpenBSD Secure Shell server.
         Starting OpenBSD Secure Shell server...
[[0;32m  OK  [0m] Started OpenBSD Secure Shell server.
[[0;32m  OK  [0m] Created slice User Slice of ubuntu.
         Starting User Manager for UID 1000...
[[0;32m  OK  [0m] Started User Manager for UID 1000.
[   31.168934] cloud-init[1083]: Cloud-init v. 0.7.9 running 'modules:config' at Tue, 28 Nov 2017 13:17:21 +0000. Up 27.24 seconds.
[[0;32m  OK  [0m] Started Session 1 of user ubuntu.
[[0;32m  OK  [0m] Started Apply the settings specified in cloud-config.
         Starting Execute cloud user/final scripts...
ci-info: no authorized ssh keys fingerprints found for user ubuntu.
<14>Nov 28 13:17:26 ec2: 
<14>Nov 28 13:17:26 ec2: #############################################################
<14>Nov 28 13:17:26 ec2: -----BEGIN SSH HOST KEY FINGERPRINTS-----
<14>Nov 28 13:17:26 ec2: 1024 SHA256:ujVab7GzScMehFpaKAEAh4HoqlQBZHvjq0Mbj8y0s9g root@ubuntu-xenial (DSA)
<14>Nov 28 13:17:26 ec2: 256 SHA256:inUFBte706a1baqRSjQ5H4xJZJZXan387+EFXOhb++g root@ubuntu-xenial (ECDSA)
<14>Nov 28 13:17:26 ec2: 256 SHA256:ezWIyy1g+HsHuwUvyv0Ynxlc8ke9FrJA+J0puH95xds root@ubuntu-xenial (ED25519)
<14>Nov 28 13:17:26 ec2: 2048 SHA256:skZvzPoKLNyjyONvRumiDsV820RwNnbOSnmJ2pnrsqo root@ubuntu-xenial (RSA)
<14>Nov 28 13:17:26 ec2: -----END SSH HOST KEY FINGERPRINTS-----
<14>Nov 28 13:17:26 ec2: #############################################################
-----BEGIN SSH HOST KEY KEYS-----
ecdsa-sha2-nistp256 AAAAE2VjZHNhLXNoYTItbmlzdHAyNTYAAAAIbmlzdHAyNTYAAABBBMDjyo/UKZvuMAZdhZXALM6vfTX2aWM7NRZvuxg3hUm8QoYXRY2+cPUMCP7+q+jZA3JvdKWVZ4bq6laCiEx3CAU= root@ubuntu-xenial
ssh-ed25519 AAAAC3NzaC1lZDI1NTE5AAAAIIj+NdZLC8CWtMcLOEEraAXtvP3c8vQrztqeDSpvnl2S root@ubuntu-xenial
ssh-rsa AAAAB3NzaC1yc2EAAAADAQABAAABAQDeTkYZNe57g1DyuhrhqnQfTGRzM3mYwD2IR52RX8sT+lS99ZzhDbZOL04Krrq4B5dz0HvZlX/44lOJ5h5yjtie6aDMQCW1RwCSIWse9bhcV3ae1V7GEJx0mJUaqMFyY5dKQ5+O2bpX+I3EvmwkJW4jG6MHGIuTvhT1fLH9OYvFGMPvetEGjg1GrcaJEqiEetGrAyxPPHiLT0HxQZX5QCSeXc1mXqPpASlFftM9vKSHSLX6Kn5sk+50ecAPHrxlyeQp6LLfs+6OxGvPepBtnpl4Qpl4uR5wru//G5kJ8fGyUY/RLgjX4hvIcSMMu/C4kr0yzLZNT6CjbzazrGix1Qs/ root@ubuntu-xenial
-----END SSH HOST KEY KEYS-----
[   32.846689] cloud-init[1354]: Cloud-init v. 0.7.9 running 'modules:final' at Tue, 28 Nov 2017 13:17:26 +0000. Up 32.09 seconds.
[   32.900575] cloud-init[1354]: ci-info: no authorized ssh keys fingerprints found for user ubuntu.
[   32.941109] cloud-init[1354]: Cloud-init v. 0.7.9 finished at Tue, 28 Nov 2017 13:17:27 +0000. Datasource DataSourceNoCloud [seed=/dev/sdb][dsmode=net].  Up 32.74 seconds

Ubuntu 16.04.2 LTS ubuntu-xenial ttyS0

ubuntu-xenial login: 